// Jest Snapshot v1, https://goo.gl/fbAQLP

exports[`Dropdown match snapshot 1`] = `
<div
  aria-expanded={false}
  className="ui selection dropdown"
  onBlur={[Function]}
  onChange={[Function]}
  onClick={[Function]}
  onFocus={[Function]}
  onKeyDown={[Function]}
  onMouseDown={[Function]}
  role="listbox"
  tabIndex={0}
>
  <div
    aria-atomic={true}
    aria-live="polite"
    className="divider text"
    role="alert"
  >
    a
  </div>
  <i
    aria-hidden="true"
    className="dropdown icon"
    onClick={[Function]}
  />
  <div
    className="menu transition"
  >
    <div
      aria-checked={true}
      aria-selected={true}
      className="active selected item"
      onClick={[Function]}
      role="option"
      style={
        Object {
          "pointerEvents": "all",
        }
      }
    >
      <span
        className="text"
      >
        a
      </span>
    </div>
    <div
      aria-checked={false}
      aria-selected={false}
      className="item"
      onClick={[Function]}
      role="option"
      style={
        Object {
          "pointerEvents": "all",
        }
      }
    >
      <span
        className="text"
      >
        b
      </span>
    </div>
  </div>
</div>
`;
