// Jest Snapshot v1, https://goo.gl/fbAQLP

exports[`Button match snapshot 1`] = `
<button
  className="ui inverted button"
  onClick={[Function]}
>
  test
</button>
`;
