// Jest Snapshot v1, https://goo.gl/fbAQLP

exports[`Loader match snapshot 1`] = `
<div
  className="component"
>
  <div
    className="component__loader"
  />
</div>
`;
